Error type A at Line 5: unrecognized input `&`.
Error type B at Line 5: syntax error.
