Error type B at Line 4: syntax error.
Error type B at Line 16: syntax error.
Error type B at Line 20: syntax error.
Error type B at Line 24: syntax error.
