Error type B at Line 5: syntax error.
Error type B at Line 18: syntax error.
Error type B at Line 30: syntax error.
Error type B at Line 31: syntax error.
