Error type B at Line 4: syntax error.
Error type B at Line 6: syntax error.
