Error type B at Line 10: syntax error.
Error type A at Line 21: unterminated comment.
